05-18 20:24:46.956  2742  5871 V WindowManager: Changing focus from Window{9aa98d2 u0 com.chromalab.app/com.google.mlkit.vision.documentscanner.internal.GmsDocumentScanningDelegateActivity} to null,diplayid=0
05-18 20:24:46.957  2742  5871 D WindowManager: BarWindow--setVisible: id=1, oldState=2, state=0, mFocuseWindow= Window{ebbc5a1 u0 com.google.android.gms/com.google.android.gms.mlkit.docscan.ui.DocumentScanningActivity} call:
05-18 20:24:46.961  2742  3477 D FlexibleTaskController: checkAndSetCloneWindowIfNeed  task =Task{f2d18b4 #538 type=standard A=10386:com.chromalab.app} activity=ActivityRecord{110773353 u0 com.chromalab.app/.MainActivity t538} windowingMode:1 activityType:1
05-18 20:24:46.961  2742  8674 D WindowManager: onSyncFinishedDrawing: Window{9aa98d2 u0 com.chromalab.app/com.google.mlkit.vision.documentscanner.internal.GmsDocumentScanningDelegateActivity}
05-18 20:24:46.961  2742  8674 I WindowManager: finishDrawing skipLayout:false,syncSeqId=0,mPrepareSyncSeqId=0 Window{9aa98d2 u0 com.chromalab.app/com.google.mlkit.vision.documentscanner.internal.GmsDocumentScanningDelegateActivity} com.android.server.wm.WindowManagerService.finishDrawingWindow:3192 com.android.server.wm.Session.finishDrawing:364 android.view.IWindowSession$Stub.onTransact:793
05-18 20:24:46.961  2742  8674 D OplusTransitionAnimationManager: skipFinishDrawingIfNeed clientRotation=0, currentRotation=0, hasFixedRotationApp=false, requestedOrientation=1, win=Window{9aa98d2 u0 com.chromalab.app/com.google.mlkit.vision.documentscanner.internal.GmsDocumentScanningDelegateActivity}, activity=ActivityRecord{3630913 u0 com.chromalab.app/com.google.mlkit.vision.documentscanner.internal.GmsDocumentScanningDelegateActivity t538 f}}, currentConfig={1.0 ?mcc??mnc [ru_RU,en_US] ldltr sw381dp w381dp h837dp 454dpi nrml long hdr widecg port night finger -keyb/v/h -nav/h winConfig={ mBounds=Rect(0, 0 - 1080, 2376) mAppBounds=Rect(0, 0 - 1080, 2376) mMaxBounds=Rect(0, 0 - 1080, 2376) mDisplayRotation=ROTATION_0 mWindowingMode=fullscreen mActivityType=standard mAlwaysOnTop=undefined mRotation=ROTATION_0} s.2 fontWeightAdjustment=0mThemeChanged= 0, mThemeChangedFlags= 0, mFlipFont= 0, mScenario= 0, mAccessibleChanged= -1, mUxIconConfig= 204b177014c80020, mMaterialColor= 0, mUserId= 0, mFontUserId= 0, mFontVariationSettings= 1226, mFoldingAngle = -1.0, mIconPackName= , mDarkModeBackgroundMaxL= 0.0, mDarkModeDialogBgMaxL= 27.0, mDarkModeForegroundMinL= 100.0, mOplusConfigType= 1, mOplusChangedConfigs= 0, OpSans= -1, mBurmeseFontFlag= 2, mFlag= 0, mExtraFlag= 0, mFlexibleActivitySuitable= -1, mPuttDisplayFlag= -1}
05-18 20:24:46.968  3266  3266 D ActivityThread: ComponentInfo{com.chromalab.app/com.chromalab.app.MainActivity} checkFinished=false 2
05-18 20:24:46.978  2742  5871 D OplusDexOptimizeManager: this dexpath is more than default size limit :/data/user_de/0/com.google.android.gms/app_chimera/m/0000002d/dl-MlkitDocscanUi.optional_261833100400.apk
05-18 20:24:46.980  2742  5871 V WindowManager: Relayout Window{1d33864 u0 com.chromalab.app/com.chromalab.app.MainActivity}: viewVisibility=0, oldvis=8, req=1080x2376 , apr = 0, vsysui=
05-18 20:24:46.980  2742  5871 I WindowManager: Window{1d33864 u0 com.chromalab.app/com.chromalab.app.MainActivity} state from NO_SURFACE to DRAW_PENDING; reason: resetDrawState
05-18 20:24:46.982  2742  5871 D WindowManager: NFW_findFocusedWindowIfNeeded:Window{1d33864 u0 com.chromalab.app/com.chromalab.app.MainActivity} mCurrentFocus:null
05-18 20:24:46.982  2742  5871 V WindowManager: Changing focus from null to Window{1d33864 u0 com.chromalab.app/com.chromalab.app.MainActivity},diplayid=0
05-18 20:24:46.993  2742  8674 D WindowManager: onSyncFinishedDrawing: Window{1d33864 u0 com.chromalab.app/com.chromalab.app.MainActivity}
05-18 20:24:46.993  2742  8674 I WindowManager: finishDrawing skipLayout:false,syncSeqId=0,mPrepareSyncSeqId=0 Window{1d33864 u0 com.chromalab.app/com.chromalab.app.MainActivity} com.android.server.wm.WindowManagerService.finishDrawingWindow:3192 com.android.server.wm.Session.finishDrawing:364 android.view.IWindowSession$Stub.onTransact:793
05-18 20:24:46.993  2742  8674 I WindowManager: Window{1d33864 u0 com.chromalab.app/com.chromalab.app.MainActivity} state from DRAW_PENDING to COMMIT_DRAW_PENDING; reason: finishDrawingLocked
05-18 20:24:46.993  2742  8674 D OplusTransitionAnimationManager: skipFinishDrawingIfNeed clientRotation=0, currentRotation=0, hasFixedRotationApp=false, requestedOrientation=1, win=Window{1d33864 u0 com.chromalab.app/com.chromalab.app.MainActivity}, activity=ActivityRecord{110773353 u0 com.chromalab.app/.MainActivity t538}, currentConfig={1.0 ?mcc??mnc [ru_RU,en_US] ldltr sw381dp w381dp h837dp 454dpi nrml long hdr widecg port night finger -keyb/v/h -nav/h winConfig={ mBounds=Rect(0, 0 - 1080, 2376) mAppBounds=Rect(0, 0 - 1080, 2376) mMaxBounds=Rect(0, 0 - 1080, 2376) mDisplayRotation=ROTATION_0 mWindowingMode=fullscreen mActivityType=standard mAlwaysOnTop=undefined mRotation=ROTATION_0} s.2 fontWeightAdjustment=0mThemeChanged= 0, mThemeChangedFlags= 0, mFlipFont= 0, mScenario= 0, mAccessibleChanged= -1, mUxIconConfig= 204b177014c80020, mMaterialColor= 0, mUserId= 0, mFontUserId= 0, mFontVariationSettings= 1226, mFoldingAngle = -1.0, mIconPackName= , mDarkModeBackgroundMaxL= 0.0, mDarkModeDialogBgMaxL= 27.0, mDarkModeForegroundMinL= 100.0, mOplusConfigType= 1, mOplusChangedConfigs= 0, OpSans= -1, mBurmeseFontFlag= 2, mFlag= 0, mExtraFlag= 0, mFlexibleActivitySuitable= -1, mPuttDisplayFlag= -1}
05-18 20:24:46.994  2742  3478 I WindowManager: Window{1d33864 u0 com.chromalab.app/com.chromalab.app.MainActivity} state from COMMIT_DRAW_PENDING to READY_TO_SHOW; reason: commitFinishDrawingLocked
05-18 20:24:46.994  2742  3478 D ActivityTaskManager: Clearing startingData for activity=ActivityRecord{110773353 u0 com.chromalab.app/.MainActivity t538} mStartingData=null mStartingSurface=null
05-18 20:24:46.994  2742  3478 D QuickBackInputPolicy: setAppLaunchEndTime update timePair=Pair{ActivityRecord{110773353 u0 com.chromalab.app/.MainActivity t538} 39446438}
05-18 20:24:46.994  2742  3478 D ActivityTaskManager: commitVisibility: ActivityRecord{110773353 u0 com.chromalab.app/.MainActivity t538}: visible=true visibleRequested=true, isInTransition=true
05-18 20:24:46.994  2742  3478 D ActivityTaskManager: Clearing startingData for activity=ActivityRecord{110773353 u0 com.chromalab.app/.MainActivity t538} mStartingData=null mStartingSurface=null
05-18 20:24:46.995  2742  3478 I WindowManager: Window{1d33864 u0 com.chromalab.app/com.chromalab.app.MainActivity} state from READY_TO_SHOW to HAS_DRAWN; reason: performShowLocked
05-18 20:24:46.995  2742  3478 D Transition: collectOrderChanges onTopTasksEnd: [Task{f2d18b4 #538 type=standard A=10386:com.chromalab.app}], reportedOnTop:null, mOnTopTasksStart: [Task{f2d18b4 #538 type=standard A=10386:com.chromalab.app}], TDA child: [Task{c47d640 #2 type=undefined}, Task{e6284ac #345 type=standard A=10383:org.amnezia.vpn}, Task{8ff78ce #1 type=home}, Task{f2d18b4 #538 type=standard A=10386:com.chromalab.app}]
05-18 20:24:46.995  2742  3478 D OplusFlexibleActivityTransitionManager: fixTransitType type result:2, targets: [ChangeInfo{d2e0ed2 container=ActivityRecord{3630913 u0 com.chromalab.app/com.google.mlkit.vision.documentscanner.internal.GmsDocumentScanningDelegateActivity t538 f}} flags=0x0}, ChangeInfo{d8c7ba3 container=ActivityRecord{110773353 u0 com.chromalab.app/.MainActivity t538} flags=0x0}]
05-18 20:24:46.996  2742  3478 D OplusTransitionController: onTransactionReady, transition: 1408, info: {id=1408 t=CLOSE f=0x0 trk=0 r=[0@Point(0, 0)] c=[{m=CLOSE f=FILLS_TASK|IS_OCCLUDED leash=Surface(name=ActivityRecord{3630913 u0 com.chromalab.app/com.google.mlkit.vision.documentscanner.internal.GmsDocumentScanningDelegateActivity t538})/@0x3aee22f sb=Rect(0, 0 - 1080, 2376) eb=Rect(0, 0 - 1080, 2376) epz=Point(1080, 2376) d=0 bc=ff131314 component=com.chromalab.app/com.google.mlkit.vision.documentscanner.internal.GmsDocumentScanningDelegateActivity opt={t=FROM_STYLE mUserId=0}},{m=TO_FRONT f=FILLS_TASK leash=Surface(name=ActivityRecord{110773353 u0 com.chromalab.app/.MainActivity t538})/@0xf3ff32c sb=Rect(0, 0 - 1080, 2376) eb=Rect(0, 0 - 1080, 2376) epz=Point(1080, 2376) d=0 bc=ff131314 component=com.chromalab.app/.MainActivity opt={t=FROM_STYLE mUserId=0}}] extendInfo=[OplusTransitionExtendedInfo{mTmpFinishT=null, mInOplusCompatMode=false, mIsProcessRunning=false, mHasMismatchBoundsTarget=false, mRecentsController=null, mRemoteTransition=null, mIsTranslucentActivityToHome=false, mAvoidInterceptKeyEventToHome=false, mIsFromHome=false, mParentLeash=null, mBackAnimClosingLeash=null, mIsOplusAnimRes=false, mKeepBgForContinuous=false, mIsBalAllow=false, mTaskNotInRecent=false, mIsPredictiveBackAnim=false, mIsMergedWithPredictive=false, mIsLaunchFromSpruce=false, mIsLaunchFromDrive=false, mGlobalSearchPageSwitch=false, mNeedNoAlphaGlobalSearchScene=false, mAssistScreenShowing=false, mSwipeUpBrowserScreenShowing=false, mUserIdTransition=-1, mInRemoteScene=false, mInPreReady=false, mPreStart=false, mToken=null, mAbortByRemoteFromHome=false, mShellApplyToken=null, mRequestTransitionTaskId=-1, mAbortTransitionOnShell=0,mStartFromShortcut=false, mRemovedTaskId=-1, mTransitionInterruptType=0, mMergeSecondTaskId=-1, mTaskIdStartFromRecents=0, mTransitionId=1408, mCanUseSpringSlideAnim=false, mTransitionLaunchFrom=0, mFoldChangeType=-1, mAnimStartingPosition=[0, 0, 0, 0], mIsOpeningStkDialogActivity=false, mIsNeedApplyStartTForEmbedded=false, mMergeSecondTaskAnimation=false, mIsLaunchUnityStart=false, mIsLaunchFromAssistantByDefault=false, mIsStartFromKeyguard=false flags=0x0, mWCT=null, mIsOpenMergeToInValidPredictive=false}]}, targets : [ChangeInfo{d2e0ed2 container=ActivityRecord{3630913 u0 com.chromalab.app/com.google.mlkit.vision.documentscanner.internal.GmsDocumentScanningDelegateActivity t538 f}} flags=0x0}, ChangeInfo{d8c7ba3 container=ActivityRecord{110773353 u0 com.chromalab.app/.MainActivity t538} flags=0x0}], participants: {ActivityRecord{3630913 u0 com.chromalab.app/com.google.mlkit.vision.documentscanner.internal.GmsDocumentScanningDelegateActivity t538 f}}, ActivityRecord{110773353 u0 com.chromalab.app/.MainActivity t538}}
05-18 20:24:46.997  4987  5041 V WindowManagerShell:         {m=CLOSE f=FILLS_TASK|IS_OCCLUDED leash=Surface(name=ActivityRecord{3630913 u0 com.chromalab.app/com.google.mlkit.vision.documentscanner.internal.GmsDocumentScanningDelegateActivity t538})/@0x11cae19 sb=Rect(0, 0 - 1080, 2376) eb=Rect(0, 0 - 1080, 2376) epz=Point(1080, 2376) d=0 bc=ff131314 component=com.chromalab.app/com.google.mlkit.vision.documentscanner.internal.GmsDocumentScanningDelegateActivity opt={t=FROM_STYLE mUserId=0}},
05-18 20:24:46.997  4987  5041 V WindowManagerShell:         {m=TO_FRONT f=FILLS_TASK leash=Surface(name=ActivityRecord{110773353 u0 com.chromalab.app/.MainActivity t538})/@0x697eede sb=Rect(0, 0 - 1080, 2376) eb=Rect(0, 0 - 1080, 2376) epz=Point(1080, 2376) d=0 bc=ff131314 component=com.chromalab.app/.MainActivity opt={t=FROM_STYLE mUserId=0}}
05-18 20:24:46.997  2742  3474 V WindowManager:     startWCT=WindowContainerTransaction { changes= {} hops= [] errorCallbackToken=null taskFragmentOrganizer=null }
05-18 20:24:46.997  2742  3474 V WindowManager:         {m=CLOSE f=FILLS_TASK|IS_OCCLUDED leash=Surface(name=ActivityRecord{3630913 u0 com.chromalab.app/com.google.mlkit.vision.documentscanner.internal.GmsDocumentScanningDelegateActivity t538})/@0x3aee22f sb=Rect(0, 0 - 1080, 2376) eb=Rect(0, 0 - 1080, 2376) epz=Point(1080, 2376) d=0 bc=ff131314 component=com.chromalab.app/com.google.mlkit.vision.documentscanner.internal.GmsDocumentScanningDelegateActivity opt={t=FROM_STYLE mUserId=0}},
05-18 20:24:46.997  2742  3474 V WindowManager:         {m=TO_FRONT f=FILLS_TASK leash=Surface(name=ActivityRecord{110773353 u0 com.chromalab.app/.MainActivity t538})/@0xf3ff32c sb=Rect(0, 0 - 1080, 2376) eb=Rect(0, 0 - 1080, 2376) epz=Point(1080, 2376) d=0 bc=ff131314 component=com.chromalab.app/.MainActivity opt={t=FROM_STYLE mUserId=0}}
05-18 20:24:46.999  2742  5871 D Transition: finishTransition ar ActivityRecord{3630913 u0 com.chromalab.app/com.google.mlkit.vision.documentscanner.internal.GmsDocumentScanningDelegateActivity t538 f}}, isVisibleRequested=false, state=STOPPING, visibleAtTransitionEndTokens={ActivityRecord{3630913 u0 com.chromalab.app/com.google.mlkit.vision.documentscanner.internal.GmsDocumentScanningDelegateActivity t538 f}}}, this=TransitionRecord{d6ce4cc id=1407 track=0 type=CLOSE flags=0x0 state=2 c=[
05-18 20:24:46.999  2742  5871 D Transition:    ChangeInfo{a845bd3 container=ActivityRecord{3630913 u0 com.chromalab.app/com.google.mlkit.vision.documentscanner.internal.GmsDocumentScanningDelegateActivity t538 f}} flags=0x0}
05-18 20:24:46.999  2742  5871 D Transition:    ChangeInfo{87591c2 container=ActivityRecord{137884528 u0 com.google.android.gms/.mlkit.docscan.ui.DocumentScanningActivity t538 f}} flags=0x0}
05-18 20:24:46.999  2742  5871 D Transition:    ChangeInfo{4a3bc1b container=Task{f2d18b4 #538 type=standard A=10386:com.chromalab.app} flags=0x0}
05-18 20:24:46.999  2742  5871 D Transition: finishTransition ar ActivityRecord{137884528 u0 com.google.android.gms/.mlkit.docscan.ui.DocumentScanningActivity t538 f}}, isVisibleRequested=false, state=STOPPING, visibleAtTransitionEndTokens={ActivityRecord{3630913 u0 com.chromalab.app/com.google.mlkit.vision.documentscanner.internal.GmsDocumentScanningDelegateActivity t538 f}}}, this=TransitionRecord{d6ce4cc id=1407 track=0 type=CLOSE flags=0x0 state=2 c=[
05-18 20:24:46.999  2742  5871 D Transition:    ChangeInfo{a845bd3 container=ActivityRecord{3630913 u0 com.chromalab.app/com.google.mlkit.vision.documentscanner.internal.GmsDocumentScanningDelegateActivity t538 f}} flags=0x0}
05-18 20:24:46.999  2742  5871 D Transition:    ChangeInfo{87591c2 container=ActivityRecord{137884528 u0 com.google.android.gms/.mlkit.docscan.ui.DocumentScanningActivity t538 f}} flags=0x0}
05-18 20:24:46.999  2742  5871 D Transition:    ChangeInfo{4a3bc1b container=Task{f2d18b4 #538 type=standard A=10386:com.chromalab.app} flags=0x0}
05-18 20:24:46.999  2742  5871 D ActivityTaskManager: commitVisibility: ActivityRecord{137884528 u0 com.google.android.gms/.mlkit.docscan.ui.DocumentScanningActivity t538 f}}: visible=false visibleRequested=false, isInTransition=false
05-18 20:24:46.999  2742  5871 D WindowManager: NFW_setClientVisible:ActivityRecord{137884528 u0 com.google.android.gms/.mlkit.docscan.ui.DocumentScanningActivity t538 f}} clientVisible:false
05-18 20:24:46.999  2742  5871 I WindowManager: Window{ebbc5a1 u0 com.google.android.gms/com.google.android.gms.mlkit.docscan.ui.DocumentScanningActivity} state from HAS_DRAWN to DRAW_PENDING; reason: resetDrawState
05-18 20:24:46.999  2742  5871 I OplusAppSwitchManagerService:  handleAppVisible , r = ActivityRecord{3630913 u0 com.chromalab.app/com.google.mlkit.vision.documentscanner.internal.GmsDocumentScanningDelegateActivity t538 f}}
05-18 20:24:47.000  2742  5871 D OplusTransitionController:    ChangeInfo{a845bd3 container=ActivityRecord{3630913 u0 com.chromalab.app/com.google.mlkit.vision.documentscanner.internal.GmsDocumentScanningDelegateActivity t538 f}} flags=0x0}
05-18 20:24:47.000  2742  5871 D OplusTransitionController:    ChangeInfo{87591c2 container=ActivityRecord{137884528 u0 com.google.android.gms/.mlkit.docscan.ui.DocumentScanningActivity t538 f}} flags=0x0}
05-18 20:24:47.000  2742  5871 D OplusTransitionController:    ChangeInfo{4a3bc1b container=Task{f2d18b4 #538 type=standard A=10386:com.chromalab.app} flags=0x0}
05-18 20:24:47.000  2742  5871 D FlexibleTaskTransitionController:    ChangeInfo{a845bd3 container=ActivityRecord{3630913 u0 com.chromalab.app/com.google.mlkit.vision.documentscanner.internal.GmsDocumentScanningDelegateActivity t538 f}} flags=0x0}
05-18 20:24:47.000  2742  5871 D FlexibleTaskTransitionController:    ChangeInfo{87591c2 container=ActivityRecord{137884528 u0 com.google.android.gms/.mlkit.docscan.ui.DocumentScanningActivity t538 f}} flags=0x0}
05-18 20:24:47.000  2742  5871 D FlexibleTaskTransitionController:    ChangeInfo{4a3bc1b container=Task{f2d18b4 #538 type=standard A=10386:com.chromalab.app} flags=0x0}
05-18 20:24:47.001  4987  5041 V WindowManagerShell: Transition doesn't have explicit remote, search filters for match for {id=1408 t=CLOSE f=0x0 trk=0 r=[0@Point(0, 0)] c=[{m=CLOSE f=FILLS_TASK|IS_OCCLUDED leash=Surface(name=ActivityRecord{3630913 u0 com.chromalab.app/com.google.mlkit.vision.documentscanner.internal.GmsDocumentScanningDelegateActivity t538})/@0x11cae19 sb=Rect(0, 0 - 1080, 2376) eb=Rect(0, 0 - 1080, 2376) epz=Point(1080, 2376) d=0 bc=ff131314 component=com.chromalab.app/com.google.mlkit.vision.documentscanner.internal.GmsDocumentScanningDelegateActivity opt={t=FROM_STYLE mUserId=0}},{m=TO_FRONT f=FILLS_TASK leash=Surface(name=ActivityRecord{110773353 u0 com.chromalab.app/.MainActivity t538})/@0x697eede sb=Rect(0, 0 - 1080, 2376) eb=Rect(0, 0 - 1080, 2376) epz=Point(1080, 2376) d=0 bc=ff131314 component=com.chromalab.app/.MainActivity opt={t=FROM_STYLE mUserId=0}}] extendInfo=[OplusTransitionExtendedInfo{mTmpFinishT=null, mInOplusCompatMode=false, mIsProcessRunning=false, mHasMismatchBoundsTarget=false, mRecentsController=null, mRemoteTransition=null, mIsTranslucentActivityToHome=false, mAvoidInterceptKeyEventToHome=false, mIsFromHome=false, mParentLeash=null, mBackAnimClosingLeash=null, mIsOplusAnimRes=false, mKeepBgForContinuous=false, mIsBalAllow=false, mTaskNotInRecent=false, mIsPredictiveBackAnim=false, mIsMergedWithPredictive=false, mIsLaunchFromSpruce=false, mIsLaunchFromDrive=false, mGlobalSearchPageSwitch=false, mNeedNoAlphaGlobalSearchScene=false, mAssistScreenShowing=false, mSwipeUpBrowserScreenShowing=false, mUserIdTransition=-1, mInRemoteScene=false, mInPreReady=false, mPreStart=false, mToken=null, mAbortByRemoteFromHome=false, mShellApplyToken=null, mRequestTransitionTaskId=-1, mAbortTransitionOnShell=0,mStartFromShortcut=false, mRemovedTaskId=-1, mTransitionInterruptType=0, mMergeSecondTaskId=-1, mTaskIdStartFromRecents=0, mTransitionId=1408, mCanUseSpringSlideAnim=false, mTransitionLaunchFrom=0, mFoldChangeType=-1, mAnimStartingPosition=[0, 0, 0, 0], mIsOpeningStkDialogActivity=false, mIsNeedApplyStartTForEmbedded=false, mMergeSecondTaskAnimation=false, mIsLaunchUnityStart=false, mIsLaunchFromAssistantByDefault=false, mIsStartFromKeyguard=false flags=0x0, mWCT=null, mIsOpenMergeToInValidPredictive=false}]}
05-18 20:24:47.001  4987  5041 V WindowManagerShell: start default transition animation, info = {id=1408 t=CLOSE f=0x0 trk=0 r=[0@Point(0, 0)] c=[{m=CLOSE f=FILLS_TASK|IS_OCCLUDED leash=Surface(name=ActivityRecord{3630913 u0 com.chromalab.app/com.google.mlkit.vision.documentscanner.internal.GmsDocumentScanningDelegateActivity t538})/@0x11cae19 sb=Rect(0, 0 - 1080, 2376) eb=Rect(0, 0 - 1080, 2376) epz=Point(1080, 2376) d=0 bc=ff131314 component=com.chromalab.app/com.google.mlkit.vision.documentscanner.internal.GmsDocumentScanningDelegateActivity opt={t=FROM_STYLE mUserId=0}},{m=TO_FRONT f=FILLS_TASK leash=Surface(name=ActivityRecord{110773353 u0 com.chromalab.app/.MainActivity t538})/@0x697eede sb=Rect(0, 0 - 1080, 2376) eb=Rect(0, 0 - 1080, 2376) epz=Point(1080, 2376) d=0 bc=ff131314 component=com.chromalab.app/.MainActivity opt={t=FROM_STYLE mUserId=0}}] extendInfo=[OplusTransitionExtendedInfo{mTmpFinishT=null, mInOplusCompatMode=false, mIsProcessRunning=false, mHasMismatchBoundsTarget=false, mRecentsController=null, mRemoteTransition=null, mIsTranslucentActivityToHome=false, mAvoidInterceptKeyEventToHome=false, mIsFromHome=false, mParentLeash=null, mBackAnimClosingLeash=null, mIsOplusAnimRes=false, mKeepBgForContinuous=false, mIsBalAllow=false, mTaskNotInRecent=false, mIsPredictiveBackAnim=false, mIsMergedWithPredictive=false, mIsLaunchFromSpruce=false, mIsLaunchFromDrive=false, mGlobalSearchPageSwitch=false, mNeedNoAlphaGlobalSearchScene=false, mAssistScreenShowing=false, mSwipeUpBrowserScreenShowing=false, mUserIdTransition=-1, mInRemoteScene=false, mInPreReady=false, mPreStart=false, mToken=null, mAbortByRemoteFromHome=false, mShellApplyToken=null, mRequestTransitionTaskId=-1, mAbortTransitionOnShell=0,mStartFromShortcut=false, mRemovedTaskId=-1, mTransitionInterruptType=0, mMergeSecondTaskId=-1, mTaskIdStartFromRecents=0, mTransitionId=1408, mCanUseSpringSlideAnim=false, mTransitionLaunchFrom=0, mFoldChangeType=-1, mAnimStartingPosition=[0, 0, 0, 0], mIsOpeningStkDialogActivity=false, mIsNeedApplyStartTForEmbedded=false, mMergeSecondTaskAnimation=false, mIsLaunchUnityStart=false, mIsLaunchFromAssistantByDefault=false, mIsStartFromKeyguard=false flags=0x0, mWCT=null, mIsOpenMergeToInValidPredictive=false}]}
05-18 20:24:47.010  2742  8674 V WindowManager: Relayout Window{ebbc5a1 u0 com.google.android.gms/com.google.android.gms.mlkit.docscan.ui.DocumentScanningActivity}: viewVisibility=8, oldvis=0, req=1080x2376 , apr = 0, vsysui=
05-18 20:24:47.011  2742  8674 D WindowManager: NFW_findFocusedWindowIfNeeded:Window{1d33864 u0 com.chromalab.app/com.chromalab.app.MainActivity} mCurrentFocus:Window{1d33864 u0 com.chromalab.app/com.chromalab.app.MainActivity}
05-18 20:24:47.031  2742  8674 D CoreBackPreview: Window{ebbc5a1 u0 com.google.android.gms/com.google.android.gms.mlkit.docscan.ui.DocumentScanningActivity}: Setting back callback null
05-18 20:24:47.032  2742  8674 I WindowManager: Window{ebbc5a1 u0 com.google.android.gms/com.google.android.gms.mlkit.docscan.ui.DocumentScanningActivity} state from DRAW_PENDING to NO_SURFACE; reason: destroySurface
05-18 20:24:47.034  2742  8674 D WindowManager: NFW_findFocusedWindowIfNeeded:Window{1d33864 u0 com.chromalab.app/com.chromalab.app.MainActivity} mCurrentFocus:Window{1d33864 u0 com.chromalab.app/com.chromalab.app.MainActivity}
05-18 20:24:47.036  2742  5871 D ActivityTaskManager: removeAppToken: ActivityRecord{137884528 u0 com.google.android.gms/.mlkit.docscan.ui.DocumentScanningActivity t538 f}} delayed=true parent=Task{f2d18b4 #538 type=standard A=10386:com.chromalab.app} animating=true Callers=com.android.server.wm.DisplayContent.removeAppToken:1732 com.android.server.wm.ActivityRecord.removeFromHistory:4970 com.android.server.wm.ActivityRecord.destroyed:5060 com.android.server.wm.ActivityClientController.activityDestroyed:339
05-18 20:24:47.036  2742  5871 D OplusDexSceneManager:  High temp 417 with highTemperatureThreshold 380 pkg:com.chromalab.app reason: extra-second-dex
05-18 20:24:47.064  2742  5871 V WindowManager: Relayout Window{1d33864 u0 com.chromalab.app/com.chromalab.app.MainActivity}: viewVisibility=0, oldvis=0, req=1080x2376 , apr = 0, vsysui=, x=0, y=0
05-18 20:24:47.102  2742  4492 D InputMethodManagerService: isSecurity: attribute.packageName = com.chromalab.app mCurMethodId = com.google.android.inputmethod.latin/com.android.inputmethod.latin.LatinIME isSecurity = false ( enable = false needShow = false inBlackList = false isExist = true )
05-18 20:24:47.105  2742  3562 W PackageConfigPersister: App-specific configuration not found for packageName: com.chromalab.app and userId: 0
05-18 20:24:47.190  2742  8678 D Transition: finishTransition ar ActivityRecord{3630913 u0 com.chromalab.app/com.google.mlkit.vision.documentscanner.internal.GmsDocumentScanningDelegateActivity t538 f}}, isVisibleRequested=false, state=STOPPING, visibleAtTransitionEndTokens={ActivityRecord{110773353 u0 com.chromalab.app/.MainActivity t538}}, this=TransitionRecord{39dcd00 id=1408 track=0 type=CLOSE flags=0x0 state=2 c=[
05-18 20:24:47.190  2742  8678 D Transition:    ChangeInfo{d2e0ed2 container=ActivityRecord{3630913 u0 com.chromalab.app/com.google.mlkit.vision.documentscanner.internal.GmsDocumentScanningDelegateActivity t538 f}} flags=0x0}
05-18 20:24:47.190  2742  8678 D Transition:    ChangeInfo{d8c7ba3 container=ActivityRecord{110773353 u0 com.chromalab.app/.MainActivity t538} flags=0x0}
05-18 20:24:47.190  2742  8678 D Transition:    ChangeInfo{12218df container=Task{f2d18b4 #538 type=standard A=10386:com.chromalab.app} flags=0x0}
05-18 20:24:47.190  2742  8678 D ActivityTaskManager: commitVisibility: ActivityRecord{3630913 u0 com.chromalab.app/com.google.mlkit.vision.documentscanner.internal.GmsDocumentScanningDelegateActivity t538 f}}: visible=false visibleRequested=false, isInTransition=false
05-18 20:24:47.190  2742  8678 D WindowManager: NFW_setClientVisible:ActivityRecord{3630913 u0 com.chromalab.app/com.google.mlkit.vision.documentscanner.internal.GmsDocumentScanningDelegateActivity t538 f}} clientVisible:false
05-18 20:24:47.190  2742  8678 I WindowManager: Window{9aa98d2 u0 com.chromalab.app/com.google.mlkit.vision.documentscanner.internal.GmsDocumentScanningDelegateActivity} state from HAS_DRAWN to DRAW_PENDING; reason: resetDrawState
05-18 20:24:47.190  2742  8678 D Transition: finishTransition ar ActivityRecord{110773353 u0 com.chromalab.app/.MainActivity t538}, isVisibleRequested=true, state=RESUMED, visibleAtTransitionEndTokens={ActivityRecord{110773353 u0 com.chromalab.app/.MainActivity t538}}, this=TransitionRecord{39dcd00 id=1408 track=0 type=CLOSE flags=0x0 state=2 c=[
05-18 20:24:47.190  2742  8678 D Transition:    ChangeInfo{d2e0ed2 container=ActivityRecord{3630913 u0 com.chromalab.app/com.google.mlkit.vision.documentscanner.internal.GmsDocumentScanningDelegateActivity t538 f}} flags=0x0}
05-18 20:24:47.190  2742  8678 D Transition:    ChangeInfo{d8c7ba3 container=ActivityRecord{110773353 u0 com.chromalab.app/.MainActivity t538} flags=0x0}
05-18 20:24:47.190  2742  8678 D Transition:    ChangeInfo{12218df container=Task{f2d18b4 #538 type=standard A=10386:com.chromalab.app} flags=0x0}
05-18 20:24:47.190  2742  8678 I OplusAppSwitchManagerService:  handleAppVisible , r = ActivityRecord{110773353 u0 com.chromalab.app/.MainActivity t538}
05-18 20:24:47.191  2742  8678 D OplusTransitionController:    ChangeInfo{d2e0ed2 container=ActivityRecord{3630913 u0 com.chromalab.app/com.google.mlkit.vision.documentscanner.internal.GmsDocumentScanningDelegateActivity t538 f}} flags=0x0}
05-18 20:24:47.191  2742  8678 D OplusTransitionController:    ChangeInfo{d8c7ba3 container=ActivityRecord{110773353 u0 com.chromalab.app/.MainActivity t538} flags=0x0}
05-18 20:24:47.191  2742  8678 D OplusTransitionController:    ChangeInfo{12218df container=Task{f2d18b4 #538 type=standard A=10386:com.chromalab.app} flags=0x0}
05-18 20:24:47.191  2742  8678 D FlexibleTaskTransitionController:    ChangeInfo{d2e0ed2 container=ActivityRecord{3630913 u0 com.chromalab.app/com.google.mlkit.vision.documentscanner.internal.GmsDocumentScanningDelegateActivity t538 f}} flags=0x0}
05-18 20:24:47.191  2742  8678 D FlexibleTaskTransitionController:    ChangeInfo{d8c7ba3 container=ActivityRecord{110773353 u0 com.chromalab.app/.MainActivity t538} flags=0x0}
05-18 20:24:47.191  2742  8678 D FlexibleTaskTransitionController:    ChangeInfo{12218df container=Task{f2d18b4 #538 type=standard A=10386:com.chromalab.app} flags=0x0}
05-18 20:24:47.193  2742  3477 D WindowManager: NFW_findFocusedWindowIfNeeded:Window{1d33864 u0 com.chromalab.app/com.chromalab.app.MainActivity} mCurrentFocus:Window{1d33864 u0 com.chromalab.app/com.chromalab.app.MainActivity}
05-18 20:24:47.202  2742  3562 V WindowManager: Relayout Window{9aa98d2 u0 com.chromalab.app/com.google.mlkit.vision.documentscanner.internal.GmsDocumentScanningDelegateActivity}: viewVisibility=8, oldvis=0, req=1080x2376 , apr = 0, vsysui=
05-18 20:24:47.203  2742  3562 D OplusAONSmartDim: onWakeLockAcquireLocked: lock=205688175, flags=0x2000000a, packageName=android, tag="WindowManager/displayId:0", ws=WorkSource{10386 com.chromalab.app}, uid=1000, pid=2742
05-18 20:24:47.204  2742  3562 D WindowManager: NFW_findFocusedWindowIfNeeded:Window{1d33864 u0 com.chromalab.app/com.chromalab.app.MainActivity} mCurrentFocus:Window{1d33864 u0 com.chromalab.app/com.chromalab.app.MainActivity}
05-18 20:24:47.208  2742  8678 D CoreBackPreview: Window{9aa98d2 u0 com.chromalab.app/com.google.mlkit.vision.documentscanner.internal.GmsDocumentScanningDelegateActivity}: Setting back callback null
05-18 20:24:47.209  2742  8678 I WindowManager: Window{9aa98d2 u0 com.chromalab.app/com.google.mlkit.vision.documentscanner.internal.GmsDocumentScanningDelegateActivity} state from DRAW_PENDING to NO_SURFACE; reason: destroySurface
05-18 20:24:47.209  2742  8678 D WindowManager: NFW_findFocusedWindowIfNeeded:Window{1d33864 u0 com.chromalab.app/com.chromalab.app.MainActivity} mCurrentFocus:Window{1d33864 u0 com.chromalab.app/com.chromalab.app.MainActivity}
05-18 20:24:47.210  2742  8678 D ActivityTaskManager: removeAppToken: ActivityRecord{3630913 u0 com.chromalab.app/com.google.mlkit.vision.documentscanner.internal.GmsDocumentScanningDelegateActivity t538 f}} delayed=false parent=Task{f2d18b4 #538 type=standard A=10386:com.chromalab.app} animating=false Callers=com.android.server.wm.DisplayContent.removeAppToken:1732 com.android.server.wm.ActivityRecord.removeFromHistory:4970 com.android.server.wm.ActivityRecord.destroyed:5060 com.android.server.wm.ActivityClientController.activityDestroyed:339
05-18 20:24:47.211  2742  8678 D OplusDexSceneManager:  High temp 417 with highTemperatureThreshold 380 pkg:com.chromalab.app reason: extra-second-dex
05-18 20:24:50.014  2742  3659 D VRR [OPlusGameStatusManager]: updateGameAccelerationStatus pkgName: com.chromalab.app mOSyncFeatureSwitch: false mIsGamePolicy: false mHeartStop: false mHasFlickerRisk: false mForceAcceleration: false mToastReady: false enable: false
05-18 20:24:50.212  2742  8620 E TaskPersister: File error accessing recents directory (directory doesn't exist?).
05-18 20:24:50.212  2742  8620 E TaskPersister: File error accessing recents directory (directory doesn't exist?).
05-18 20:24:57.086  2742  7464 D OplusBatteryServiceFeature: setSmartCoolDown: coolDown = 3, normalCoolDown = 3, pkgName = com.chromalab.app
05-18 20:24:57.089  2742  7464 D OplusDisplayManagerServiceEnhance: setSpecBrightness gear = 3 reason = com.chromalab.app@temperature@40@normal rate = -1
05-18 20:24:57.089  2742  3654 D OplusFeatureTemperatureLimitBrightness: new parameter!ControlInfo:[ gear = 3 reason = com.chromalab.app@temperature@40@normal gearNit = 500.0 package = com.chromalab.app type = temperature temperature = 40 priority = normal rate = -1] HadDragPoint = false mode = 1
05-18 20:24:57.093  2742  7464 V WindowManager: Relayout Window{1d33864 u0 com.chromalab.app/com.chromalab.app.MainActivity}: viewVisibility=0, oldvis=0, req=1080x2376 , apr = 0, vsysui=, x=0, y=0
05-18 20:24:57.094  2742  7464 D OplusAONSmartDim: onWakeLockReleaseLocked: lock=205688175, flags=0x2000000a, packageName=android, tag="WindowManager/displayId:0", ws=WorkSource{10386 com.chromalab.app}, uid=1000, pid=2742
05-18 20:24:57.647  2742  7464 V WindowManager: Relayout Window{1d33864 u0 com.chromalab.app/com.chromalab.app.MainActivity}: viewVisibility=0, oldvis=0, req=1080x2376 , apr = 0, vsysui=, x=0, y=0
05-18 20:24:57.649  2742  7464 D OplusAONSmartDim: onWakeLockAcquireLocked: lock=205688175, flags=0x2000000a, packageName=android, tag="WindowManager/displayId:0", ws=WorkSource{10386 com.chromalab.app}, uid=1000, pid=2742
05-18 20:25:00.005  2742  3654 D OplusDisplayBrightnessBroadcastReceiver: onReceive action = android.intent.action.TIME_TICK , listeners = [com.android.server.display.feature.ambience.events.event.TimeEvent$TimeChangeReceiver@6076e8e, com.android.server.display.color.eyeprotect.manager.AiCurveManager$RhythmBroadcastReceiverWithUpgradeUI@4ad86af]
05-18 20:25:37.084  2742  5177 D OplusBatteryServiceFeature: setSmartCoolDown: coolDown = 2, normalCoolDown = 2, pkgName = com.chromalab.app
05-18 20:25:37.087  2742  5177 D OplusDisplayManagerServiceEnhance: setSpecBrightness gear = 4 reason = com.chromalab.app@temperature@43@normal rate = -1
05-18 20:25:37.090  2742  3654 D OplusFeatureTemperatureLimitBrightness: new parameter!ControlInfo:[ gear = 4 reason = com.chromalab.app@temperature@43@normal gearNit = 450.0 package = com.chromalab.app type = temperature temperature = 43 priority = normal rate = -1] HadDragPoint = false mode = 1
05-18 20:26:00.004  2742  3654 D OplusDisplayBrightnessBroadcastReceiver: onReceive action = android.intent.action.TIME_TICK , listeners = [com.android.server.display.feature.ambience.events.event.TimeEvent$TimeChangeReceiver@6076e8e, com.android.server.display.color.eyeprotect.manager.AiCurveManager$RhythmBroadcastReceiverWithUpgradeUI@4ad86af]
05-18 20:26:53.560  2742  4912 V WindowManager: Relayout Window{1d33864 u0 com.chromalab.app/com.chromalab.app.MainActivity}: viewVisibility=0, oldvis=0, req=1080x2376 , apr = 0, vsysui=, x=0, y=0
05-18 20:26:53.562  2742  4912 D OplusAONSmartDim: onWakeLockReleaseLocked: lock=205688175, flags=0x2000000a, packageName=android, tag="WindowManager/displayId:0", ws=WorkSource{10386 com.chromalab.app}, uid=1000, pid=2742
05-18 20:26:55.281  2742  5225 V WindowManager: Relayout Window{1d33864 u0 com.chromalab.app/com.chromalab.app.MainActivity}: viewVisibility=0, oldvis=0, req=1080x2376 , apr = 0, vsysui=, x=0, y=0
05-18 20:26:55.282  2742  5225 D OplusAONSmartDim: onWakeLockAcquireLocked: lock=205688175, flags=0x2000000a, packageName=android, tag="WindowManager/displayId:0", ws=WorkSource{10386 com.chromalab.app}, uid=1000, pid=2742
05-18 20:27:00.003  2742  3654 D OplusDisplayBrightnessBroadcastReceiver: onReceive action = android.intent.action.TIME_TICK , listeners = [com.android.server.display.feature.ambience.events.event.TimeEvent$TimeChangeReceiver@6076e8e, com.android.server.display.color.eyeprotect.manager.AiCurveManager$RhythmBroadcastReceiverWithUpgradeUI@4ad86af]
05-18 20:27:28.387  2742  5924 W JobScheduler: Job didn't exist in JobStore: #com.chromalab.app/-785964053
05-18 20:27:30.275  2742  7464 W ActivityManager: pid 21213 com.oplus.account sent binder code 21 with flags 0 to frozen apps and got error -32
05-18 20:27:30.275 21213 22873 D ActivityThread: Too many transaction errors, throttling freezer binder callback.
05-18 20:27:35.301  2742  3763 I AppsFilter: interaction: PackageSetting{f8cff9b com.chromalab.app/10386} -> PackageSetting{4ec3530 com.oplus.dmp/10151} BLOCKED
05-18 20:28:00.006  2742  3654 D OplusDisplayBrightnessBroadcastReceiver: onReceive action = android.intent.action.TIME_TICK , listeners = [com.android.server.display.feature.ambience.events.event.TimeEvent$TimeChangeReceiver@6076e8e, com.android.server.display.color.eyeprotect.manager.AiCurveManager$RhythmBroadcastReceiverWithUpgradeUI@4ad86af]
05-18 20:28:07.630  2742  3659 D VRR [OPlusGameStatusManager]: updateGameAccelerationStatus pkgName: com.chromalab.app mOSyncFeatureSwitch: false mIsGamePolicy: false mHeartStop: false mHasFlickerRisk: false mForceAcceleration: false mToastReady: false enable: false
05-18 20:28:10.612  2742  3659 D VRR [OPlusGameStatusManager]: updateGameAccelerationStatus pkgName: com.chromalab.app mOSyncFeatureSwitch: false mIsGamePolicy: false mHeartStop: false mHasFlickerRisk: false mForceAcceleration: false mToastReady: false enable: false
05-18 20:28:11.518  2742  3659 D VRR [OPlusGameStatusManager]: updateGameAccelerationStatus pkgName: com.chromalab.app mOSyncFeatureSwitch: false mIsGamePolicy: false mHeartStop: false mHasFlickerRisk: false mForceAcceleration: false mToastReady: false enable: false
05-18 20:28:31.472  2742  3599 W ActivityManager: pid 2742 system sent binder code 1013 with flags 0 to frozen apps and got error -2
05-18 20:28:31.475  2742  3599 D BatteryStatsImplExtImpl: PowerDetails: time=2026-05-18-20-28-31, top=com.chromalab.app.MainActivity, ref_counts=0, ref_mode=0, brightness=0, refs_per_sec=0.0, modem_txTimeMs=[0, 0, 0, 0, 0], traffic=[5510530246995,44922030368,87322426431717,699568499819], ctr_drain=[0,197,0,114], rpmstat=[ADSP:75,25,ADSP_ISLAND:18,53,APSS:5,47,CDSP:100,00,MPSS:99,06,VLOW:0,00,VMIN:0,00], sap=false, audio=[spk:0, headset:0]
05-18 20:28:50.616  3266  3283 I Quality : GCInfo: com.chromalab.app,50-2.543s-2.498s-2.802ms-514MB-523MB-12MB-0B-255.525s-39440.445s,0,0,50-2.543s-2.498s-2.802ms-514MB-523MB-12MB-0B
05-18 20:28:59.767  2742  7464 V WindowManager: Relayout Window{1d33864 u0 com.chromalab.app/com.chromalab.app.MainActivity}: viewVisibility=0, oldvis=0, req=1080x2376 , apr = 0, vsysui=, x=0, y=0
05-18 20:28:59.769  2742  7464 D OplusAONSmartDim: onWakeLockReleaseLocked: lock=205688175, flags=0x2000000a, packageName=android, tag="WindowManager/displayId:0", ws=WorkSource{10386 com.chromalab.app}, uid=1000, pid=2742
05-18 20:29:00.007  2742  3654 D OplusDisplayBrightnessBroadcastReceiver: onReceive action = android.intent.action.TIME_TICK , listeners = [com.android.server.display.feature.ambience.events.event.TimeEvent$TimeChangeReceiver@6076e8e, com.android.server.display.color.eyeprotect.manager.AiCurveManager$RhythmBroadcastReceiverWithUpgradeUI@4ad86af]
05-18 20:29:01.324  2742  7464 V WindowManager: Relayout Window{1d33864 u0 com.chromalab.app/com.chromalab.app.MainActivity}: viewVisibility=0, oldvis=0, req=1080x2376 , apr = 0, vsysui=, x=0, y=0
05-18 20:29:01.326  2742  7464 D OplusAONSmartDim: onWakeLockAcquireLocked: lock=205688175, flags=0x2000000a, packageName=android, tag="WindowManager/displayId:0", ws=WorkSource{10386 com.chromalab.app}, uid=1000, pid=2742
05-18 20:29:58.268  2742  7464 V WindowManager: Relayout Window{1d33864 u0 com.chromalab.app/com.chromalab.app.MainActivity}: viewVisibility=0, oldvis=0, req=1080x2376 , apr = 0, vsysui=, x=0, y=0
05-18 20:29:58.271  2742  7464 D OplusAONSmartDim: onWakeLockReleaseLocked: lock=205688175, flags=0x2000000a, packageName=android, tag="WindowManager/displayId:0", ws=WorkSource{10386 com.chromalab.app}, uid=1000, pid=2742
05-18 20:29:59.999  2742  4455 V AlarmManager: sending alarm Alarm{742b649 type 1 origWhen 1779125400000 whenElapsed 88677902 com.oplus.battery} uid 1000 whenElapsed 88677902 windowLength 0 maxWhenElapsed 88677902 repeatInterval 0 action save_battery_stats_action component ComponentInfo{com.oplus.battery/com.oplus.powermanager.powercurve.SaveBatteryStatsReceiver} flags 0x9 procName com.oplus.battery
05-18 20:30:00.005  2742  3654 D OplusDisplayBrightnessBroadcastReceiver: onReceive action = android.intent.action.TIME_TICK , listeners = [com.android.server.display.feature.ambience.events.event.TimeEvent$TimeChangeReceiver@6076e8e, com.android.server.display.color.eyeprotect.manager.AiCurveManager$RhythmBroadcastReceiverWithUpgradeUI@4ad86af]
05-18 20:30:20.174  2742  3475 D WindowManager:  mCurrentFocus =Window{1d33864 u0 com.chromalab.app/com.chromalab.app.MainActivity},drawState=HAS_DRAWN,w.getFrame() =Rect(0, 0 - 1080, 2376),mSyncState=0,flags =-2122252032,canReceiveKeys = true,reasonfromTouch= false isVisibleRequestedOrAdding=true mViewVisibility=0 mRemoveOnExit=false flags=-2122252032 appWindowsAreFocusable=true canReceiveTouchInput=true displayIsOnTop=true displayIsTrusted=true transitShouldKeepFocus=false,isFocusable=true,isVisible()=true,mDestroying=false,mAnimatingExit=false,mRemoveOnExit=false,mRemoved=false,mHasSurface=truemViewVisibility=0x0
05-18 20:30:20.175  2742  3475 D OplusWMDebugConfig: logWindowInfo ws:Window{1d33864 u0 com.chromalab.app/com.chromalab.app.MainActivity}, drawstate:4, shown:true, mLastAlpha:1.0, sc info: alpha: -1.0 mLastAlphaTime: None visible: true mLastVisibleTime: None, relativeTo:null, reparent:Surface(name=ActivityRecord{110773353 u0 com.chromalab.app/.MainActivity t538})/@0xf3ff32c
05-18 20:30:20.175  2742  3475 D OplusWMDebugConfig: logWindowInfo wc: ActivityRecord{110773353 u0 com.chromalab.app/.MainActivity t538}, leash: Surface(name=ActivityRecord{110773353 u0 com.chromalab.app/.MainActivity t538})/@0xf3ff32c, sc info:  alpha: 1.0 mLastAlphaTime: None visible: true mLastVisibleTime: None
05-18 20:30:20.175  2742  3475 D OplusWMDebugConfig: logWindowInfo wc: Task{f2d18b4 #538 type=standard A=10386:com.chromalab.app}, leash: Surface(name=Task=538)/@0xf114f9e, sc info:  alpha: 1.0 mLastAlphaTime: None visible: true mLastVisibleTime: None
05-18 20:30:20.175  2742  3475 D WindowManager:  log WindowState end, mFocusedApp =ActivityRecord{110773353 u0 com.chromalab.app/.MainActivity t538}
05-18 20:30:20.367  2742  5924 D WindowManager: NFW_findFocusedWindowIfNeeded:Window{4aea45e u0 com.oplus.screenshot/LongshotCapture} mCurrentFocus:Window{1d33864 u0 com.chromalab.app/com.chromalab.app.MainActivity}
05-18 20:30:20.367  2742  5924 V WindowManager: Changing focus from Window{1d33864 u0 com.chromalab.app/com.chromalab.app.MainActivity} to Window{4aea45e u0 com.oplus.screenshot/LongshotCapture},diplayid=0
05-18 20:30:20.475  2742  3659 D VRR [OPlusGameStatusManager]: updateGameAccelerationStatus pkgName: com.chromalab.app mOSyncFeatureSwitch: false mIsGamePolicy: false mHeartStop: false mHasFlickerRisk: false mForceAcceleration: false mToastReady: false enable: false
05-18 20:30:20.688  2742  3659 D VRR [OPlusGameStatusManager]: updateGameAccelerationStatus pkgName: com.chromalab.app mOSyncFeatureSwitch: false mIsGamePolicy: false mHeartStop: false mHasFlickerRisk: false mForceAcceleration: false mToastReady: false enable: false
05-18 20:30:21.705  2742  5924 D WindowManager: NFW_findFocusedWindowIfNeeded:Window{1d33864 u0 com.chromalab.app/com.chromalab.app.MainActivity} mCurrentFocus:Window{4aea45e u0 com.oplus.screenshot/LongshotCapture}
05-18 20:30:21.705  2742  5924 V WindowManager: Changing focus from Window{4aea45e u0 com.oplus.screenshot/LongshotCapture} to Window{1d33864 u0 com.chromalab.app/com.chromalab.app.MainActivity},diplayid=0
05-18 20:30:21.706  2742  5924 D WindowManager: NFW_findFocusedWindowIfNeeded:Window{1d33864 u0 com.chromalab.app/com.chromalab.app.MainActivity} mCurrentFocus:Window{1d33864 u0 com.chromalab.app/com.chromalab.app.MainActivity}
05-18 20:30:21.727  2742  5225 W PackageConfigPersister: App-specific configuration not found for packageName: com.chromalab.app and userId: 0
05-18 20:30:31.376  2742  3763 I AppsFilter: interaction: PackageSetting{f8cff9b com.chromalab.app/10386} -> PackageSetting{c5f5ef1 com.oplus.dmp/10151} BLOCKED
05-18 20:31:00.007  2742  3654 D OplusDisplayBrightnessBroadcastReceiver: onReceive action = android.intent.action.TIME_TICK , listeners = [com.android.server.display.feature.ambience.events.event.TimeEvent$TimeChangeReceiver@6076e8e, com.android.server.display.color.eyeprotect.manager.AiCurveManager$RhythmBroadcastReceiverWithUpgradeUI@4ad86af]
05-18 20:31:35.794  2742  3599 W ActivityManager: pid 2742 system sent binder code 1013 with flags 0 to frozen apps and got error -2
05-18 20:31:35.796  2742  3599 D BatteryStatsImplExtImpl: PowerDetails: time=2026-05-18-20-31-35, top=com.chromalab.app.MainActivity, ref_counts=0, ref_mode=0, brightness=0, refs_per_sec=0.0, modem_txTimeMs=[0, 0, 0, 0, 0], traffic=[5510530246995,44922030368,87322426431717,699568499819], ctr_drain=[0,197,0,114], rpmstat=[ADSP:69,21,ADSP_ISLAND:17,46,APSS:6,39,CDSP:99,96,MPSS:99,23,VLOW:0,00,VMIN:0,00], sap=false, audio=[spk:0, headset:0]
05-18 20:31:42.100  2742  5225 D OplusBatteryServiceFeature: setSmartCoolDown: coolDown = 3, normalCoolDown = 3, pkgName = com.chromalab.app
05-18 20:31:42.103  2742  4284 D OplusDisplayManagerServiceEnhance: setSpecBrightness gear = 3 reason = com.chromalab.app@temperature@40@normal rate = -1
05-18 20:31:42.103  2742  3654 D OplusFeatureTemperatureLimitBrightness: new parameter!ControlInfo:[ gear = 3 reason = com.chromalab.app@temperature@40@normal gearNit = 500.0 package = com.chromalab.app type = temperature temperature = 40 priority = normal rate = -1] HadDragPoint = false mode = 1
05-18 20:32:00.007  2742  3654 D OplusDisplayBrightnessBroadcastReceiver: onReceive action = android.intent.action.TIME_TICK , listeners = [com.android.server.display.feature.ambience.events.event.TimeEvent$TimeChangeReceiver@6076e8e, com.android.server.display.color.eyeprotect.manager.AiCurveManager$RhythmBroadcastReceiverWithUpgradeUI@4ad86af]
05-18 20:33:00.006  2742  3654 D OplusDisplayBrightnessBroadcastReceiver: onReceive action = android.intent.action.TIME_TICK , listeners = [com.android.server.display.feature.ambience.events.event.TimeEvent$TimeChangeReceiver@6076e8e, com.android.server.display.color.eyeprotect.manager.AiCurveManager$RhythmBroadcastReceiverWithUpgradeUI@4ad86af]
05-18 20:33:12.108  2742  5225 D OplusBatteryServiceFeature: setSmartCoolDown: coolDown = 3, normalCoolDown = 3, pkgName = com.chromalab.app
05-18 20:33:12.118  2742  5226 D FlexibleTaskController: checkAndSetCloneWindowIfNeed  task =Task{f2d18b4 #538 type=standard A=10386:com.chromalab.app} activity=ActivityRecord{110773353 u0 com.chromalab.app/.MainActivity t538} windowingMode:1 activityType:1
05-18 20:33:12.124  2742  5177 D FlexibleTaskController: checkAndSetCloneWindowIfNeed  task =Task{f2d18b4 #538 type=standard A=10386:com.chromalab.app} activity=ActivityRecord{110773353 u0 com.chromalab.app/.MainActivity t538} windowingMode:1 activityType:1
05-18 20:33:43.793  2742  3599 W ActivityManager: pid 2742 system sent binder code 1013 with flags 0 to frozen apps and got error -2
05-18 20:33:43.794  2742  3599 D BatteryStatsImplExtImpl: PowerDetails: time=2026-05-18-20-33-43, top=com.chromalab.app.MainActivity, ref_counts=0, ref_mode=0, brightness=0, refs_per_sec=0.0, modem_txTimeMs=[0, 0, 0, 0, 0], traffic=[5510530246995,44922030368,87322426431717,699568499819], ctr_drain=[0,197,0,114], rpmstat=[ADSP:76,51,ADSP_ISLAND:42,15,APSS:11,92,CDSP:100,00,MPSS:99,34,VLOW:0,00,VMIN:0,00], sap=false, audio=[spk:0, headset:0]
05-18 20:34:00.006  2742  3654 D OplusDisplayBrightnessBroadcastReceiver: onReceive action = android.intent.action.TIME_TICK , listeners = [com.android.server.display.feature.ambience.events.event.TimeEvent$TimeChangeReceiver@6076e8e, com.android.server.display.color.eyeprotect.manager.AiCurveManager$RhythmBroadcastReceiverWithUpgradeUI@4ad86af]
05-18 20:35:00.004  2742  3654 D OplusDisplayBrightnessBroadcastReceiver: onReceive action = android.intent.action.TIME_TICK , listeners = [com.android.server.display.feature.ambience.events.event.TimeEvent$TimeChangeReceiver@6076e8e, com.android.server.display.color.eyeprotect.manager.AiCurveManager$RhythmBroadcastReceiverWithUpgradeUI@4ad86af]
05-18 20:35:27.097  2742  5225 D OplusBatteryServiceFeature: setSmartCoolDown: coolDown = 3, normalCoolDown = 3, pkgName = com.chromalab.app
05-18 20:35:27.098  2742  5225 D OplusDisplayManagerServiceEnhance: setSpecBrightness gear = 2 reason = com.chromalab.app@temperature@38@normal rate = -1
05-18 20:35:27.099  2742  3654 D OplusFeatureTemperatureLimitBrightness: new parameter!ControlInfo:[ gear = 2 reason = com.chromalab.app@temperature@38@normal gearNit = 600.0 package = com.chromalab.app type = temperature temperature = 38 priority = normal rate = -1] HadDragPoint = false mode = 1
05-18 20:35:51.783  2742  3599 W ActivityManager: pid 2742 system sent binder code 1013 with flags 0 to frozen apps and got error -2
05-18 20:35:51.784  2742  3599 D BatteryStatsImplExtImpl: PowerDetails: time=2026-05-18-20-35-51, top=com.chromalab.app.MainActivity, ref_counts=0, ref_mode=0, brightness=0, refs_per_sec=0.0, modem_txTimeMs=[0, 0, 0, 0, 0], traffic=[5510530246995,44922030368,87322426431717,699568499819], ctr_drain=[0,197,0,114], rpmstat=[ADSP:87,12,ADSP_ISLAND:80,70,APSS:22,69,CDSP:100,00,MPSS:99,20,VLOW:0,00,VMIN:0,00], sap=false, audio=[spk:0, headset:0]
05-18 20:36:00.005  2742  3654 D OplusDisplayBrightnessBroadcastReceiver: onReceive action = android.intent.action.TIME_TICK , listeners = [com.android.server.display.feature.ambience.events.event.TimeEvent$TimeChangeReceiver@6076e8e, com.android.server.display.color.eyeprotect.manager.AiCurveManager$RhythmBroadcastReceiverWithUpgradeUI@4ad86af]
05-18 20:37:00.005  2742  3654 D OplusDisplayBrightnessBroadcastReceiver: onReceive action = android.intent.action.TIME_TICK , listeners = [com.android.server.display.feature.ambience.events.event.TimeEvent$TimeChangeReceiver@6076e8e, com.android.server.display.color.eyeprotect.manager.AiCurveManager$RhythmBroadcastReceiverWithUpgradeUI@4ad86af]
05-18 20:37:25.206  2742  5226 E OplusNotificationCenter: getForegroundApplication exception
05-18 20:37:25.312  2742  4537 E WifiStaIfaceAidlImpl: getCachedScanData failed with service-specific exception: android.os.ServiceSpecificException:  (code 4)
05-18 20:37:26.087  2110  2110 W android.hardware.power.stats-impl.oplus: PruneException: Unknown binder exception (2) pruned into EX_TRANSACTION_FAILED
05-18 20:37:26.214  2742  5226 E OplusNotificationCenter: getForegroundApplication exception
05-18 20:37:27.223  2742  3352 E OplusNotificationCenter: getForegroundApplication exception
05-18 20:37:28.237  2742  3352 E OplusNotificationCenter: getForegroundApplication exception
05-18 20:37:28.343  2742  4537 E WifiStaIfaceAidlImpl: getCachedScanData failed with service-specific exception: android.os.ServiceSpecificException:  (code 4)
05-18 20:37:29.246  2742  3352 E OplusNotificationCenter: getForegroundApplication exception
05-18 20:37:30.255  2742  5226 E OplusNotificationCenter: getForegroundApplication exception
05-18 20:37:31.265  2742  3352 E OplusNotificationCenter: getForegroundApplication exception
05-18 20:37:31.374  2742  4537 E WifiStaIfaceAidlImpl: getCachedScanData failed with service-specific exception: android.os.ServiceSpecificException:  (code 4)
05-18 20:37:32.272  2742  3352 E OplusNotificationCenter: getForegroundApplication exception
05-18 20:37:33.284  2742  3352 E OplusNotificationCenter: getForegroundApplication exception
05-18 20:37:34.291  2742  3352 E OplusNotificationCenter: getForegroundApplication exception
05-18 20:37:34.406  2742  4537 E WifiStaIfaceAidlImpl: getCachedScanData failed with service-specific exception: android.os.ServiceSpecificException:  (code 4)
