05-18 20:37:35.300  2742  3352 E OplusNotificationCenter: getForegroundApplication exception
05-18 20:37:36.310  2742  5226 E OplusNotificationCenter: getForegroundApplication exception
05-18 20:37:37.318  2742  5225 E OplusNotificationCenter: getForegroundApplication exception
05-18 20:37:37.423  2742  4537 E WifiStaIfaceAidlImpl: getCachedScanData failed with service-specific exception: android.os.ServiceSpecificException:  (code 4)
05-18 20:37:38.328  2742  3562 E OplusNotificationCenter: getForegroundApplication exception
05-18 20:37:39.337  2742  3562 E OplusNotificationCenter: getForegroundApplication exception
05-18 20:37:40.346  2742  3562 E OplusNotificationCenter: getForegroundApplication exception
05-18 20:37:40.437  2742  4537 E WifiStaIfaceAidlImpl: getCachedScanData failed with service-specific exception: android.os.ServiceSpecificException:  (code 4)
05-18 20:37:40.651  2742  4537 E WifiStaIfaceAidlImpl: getCachedScanData failed with service-specific exception: android.os.ServiceSpecificException:  (code 4)
05-18 20:37:40.659  5468 17621 D SubsysRadioResponse: setSyncWithApResponse info.error = 0
05-18 20:37:40.669  2742  4537 E WifiStaIfaceAidlImpl: getCachedScanData failed with service-specific exception: android.os.ServiceSpecificException:  (code 4)
05-18 20:37:40.694  1269  1275 E android.system.suspend-service: Error opening wakeup38/name for wakeup38: Permission denied
05-18 20:37:40.694  1269  1275 E android.system.suspend-service: Error opening wakeup38/active_count for wakeup38: Permission denied
05-18 20:37:40.694  1269  1275 E android.system.suspend-service: Error opening wakeup38/last_change_ms for wakeup38: Permission denied
05-18 20:37:40.694  1269  1275 E android.system.suspend-service: Error opening wakeup38/max_time_ms for wakeup38: Permission denied
05-18 20:37:40.694  1269  1275 E android.system.suspend-service: Error opening wakeup38/total_time_ms for wakeup38: Permission denied
05-18 20:37:40.694  1269  1275 E android.system.suspend-service: Error opening wakeup38/active_time_ms for wakeup38: Permission denied
05-18 20:37:40.694  1269  1275 E android.system.suspend-service: Error opening wakeup38/event_count for wakeup38: Permission denied
05-18 20:37:40.694  1269  1275 E android.system.suspend-service: Error opening wakeup38/expire_count for wakeup38: Permission denied
05-18 20:37:40.694  1269  1275 E android.system.suspend-service: Error opening wakeup38/prevent_suspend_time_ms for wakeup38: Permission denied
05-18 20:37:40.694  1269  1275 E android.system.suspend-service: Error opening wakeup38/wakeup_count for wakeup38: Permission denied
05-18 20:37:40.696  1269  1275 E android.system.suspend-service: Error opening wakeup40/name for wakeup40: Permission denied
05-18 20:37:40.696  1269  1275 E android.system.suspend-service: Error opening wakeup40/active_count for wakeup40: Permission denied
05-18 20:37:40.696  1269  1275 E android.system.suspend-service: Error opening wakeup40/last_change_ms for wakeup40: Permission denied
05-18 20:37:40.696  1269  1275 E android.system.suspend-service: Error opening wakeup40/max_time_ms for wakeup40: Permission denied
05-18 20:37:40.696  1269  1275 E android.system.suspend-service: Error opening wakeup40/total_time_ms for wakeup40: Permission denied
05-18 20:37:40.696  1269  1275 E android.system.suspend-service: Error opening wakeup40/active_time_ms for wakeup40: Permission denied
05-18 20:37:40.696  1269  1275 E android.system.suspend-service: Error opening wakeup40/event_count for wakeup40: Permission denied
05-18 20:37:40.696  1269  1275 E android.system.suspend-service: Error opening wakeup40/expire_count for wakeup40: Permission denied
05-18 20:37:40.696  1269  1275 E android.system.suspend-service: Error opening wakeup40/prevent_suspend_time_ms for wakeup40: Permission denied
05-18 20:37:40.696  1269  1275 E android.system.suspend-service: Error opening wakeup40/wakeup_count for wakeup40: Permission denied
05-18 20:37:40.696  1269  1275 E android.system.suspend-service: Error opening wakeup49/name for wakeup49: Permission denied
05-18 20:37:40.696  1269  1275 E android.system.suspend-service: Error opening wakeup49/active_count for wakeup49: Permission denied
05-18 20:37:40.696  1269  1275 E android.system.suspend-service: Error opening wakeup49/last_change_ms for wakeup49: Permission denied
05-18 20:37:40.696  1269  1275 E android.system.suspend-service: Error opening wakeup49/max_time_ms for wakeup49: Permission denied
05-18 20:37:40.696  1269  1275 E android.system.suspend-service: Error opening wakeup49/total_time_ms for wakeup49: Permission denied
05-18 20:37:40.696  1269  1275 E android.system.suspend-service: Error opening wakeup49/active_time_ms for wakeup49: Permission denied
05-18 20:37:40.696  1269  1275 E android.system.suspend-service: Error opening wakeup49/event_count for wakeup49: Permission denied
05-18 20:37:40.696  1269  1275 E android.system.suspend-service: Error opening wakeup49/expire_count for wakeup49: Permission denied
05-18 20:37:40.696  1269  1275 E android.system.suspend-service: Error opening wakeup49/prevent_suspend_time_ms for wakeup49: Permission denied
05-18 20:37:40.696  1269  1275 E android.system.suspend-service: Error opening wakeup49/wakeup_count for wakeup49: Permission denied
05-18 20:37:40.697  1269  1275 E android.system.suspend-service: Error opening wakeup41/name for wakeup41: Permission denied
05-18 20:37:40.697  1269  1275 E android.system.suspend-service: Error opening wakeup41/active_count for wakeup41: Permission denied
05-18 20:37:40.697  1269  1275 E android.system.suspend-service: Error opening wakeup41/last_change_ms for wakeup41: Permission denied
05-18 20:37:40.697  1269  1275 E android.system.suspend-service: Error opening wakeup41/max_time_ms for wakeup41: Permission denied
05-18 20:37:40.698  1269  1275 E android.system.suspend-service: Error opening wakeup41/total_time_ms for wakeup41: Permission denied
05-18 20:37:40.698  1269  1275 E android.system.suspend-service: Error opening wakeup41/active_time_ms for wakeup41: Permission denied
05-18 20:37:40.698  1269  1275 E android.system.suspend-service: Error opening wakeup41/event_count for wakeup41: Permission denied
05-18 20:37:40.698  1269  1275 E android.system.suspend-service: Error opening wakeup41/expire_count for wakeup41: Permission denied
05-18 20:37:40.698  1269  1275 E android.system.suspend-service: Error opening wakeup41/prevent_suspend_time_ms for wakeup41: Permission denied
05-18 20:37:40.698  1269  1275 E android.system.suspend-service: Error opening wakeup41/wakeup_count for wakeup41: Permission denied
05-18 20:37:40.698  1269  1275 E android.system.suspend-service: Error opening wakeup31/name for wakeup31: Permission denied
05-18 20:37:40.698  1269  1275 E android.system.suspend-service: Error opening wakeup31/active_count for wakeup31: Permission denied
05-18 20:37:40.698  1269  1275 E android.system.suspend-service: Error opening wakeup31/last_change_ms for wakeup31: Permission denied
05-18 20:37:40.698  1269  1275 E android.system.suspend-service: Error opening wakeup31/max_time_ms for wakeup31: Permission denied
05-18 20:37:40.698  1269  1275 E android.system.suspend-service: Error opening wakeup31/total_time_ms for wakeup31: Permission denied
05-18 20:37:40.698  1269  1275 E android.system.suspend-service: Error opening wakeup31/active_time_ms for wakeup31: Permission denied
05-18 20:37:40.698  1269  1275 E android.system.suspend-service: Error opening wakeup31/event_count for wakeup31: Permission denied
05-18 20:37:40.698  1269  1275 E android.system.suspend-service: Error opening wakeup31/expire_count for wakeup31: Permission denied
05-18 20:37:40.698  1269  1275 E android.system.suspend-service: Error opening wakeup31/prevent_suspend_time_ms for wakeup31: Permission denied
05-18 20:37:40.698  1269  1275 E android.system.suspend-service: Error opening wakeup31/wakeup_count for wakeup31: Permission denied
05-18 20:37:40.698  1269  1275 E android.system.suspend-service: Error opening wakeup68/name for wakeup68: Permission denied
05-18 20:37:40.698  1269  1275 E android.system.suspend-service: Error opening wakeup68/active_count for wakeup68: Permission denied
05-18 20:37:40.698  1269  1275 E android.system.suspend-service: Error opening wakeup68/last_change_ms for wakeup68: Permission denied
05-18 20:37:40.698  1269  1275 E android.system.suspend-service: Error opening wakeup68/max_time_ms for wakeup68: Permission denied
05-18 20:37:40.698  1269  1275 E android.system.suspend-service: Error opening wakeup68/total_time_ms for wakeup68: Permission denied
05-18 20:37:40.698  1269  1275 E android.system.suspend-service: Error opening wakeup68/active_time_ms for wakeup68: Permission denied
05-18 20:37:40.698  1269  1275 E android.system.suspend-service: Error opening wakeup68/event_count for wakeup68: Permission denied
05-18 20:37:40.698  1269  1275 E android.system.suspend-service: Error opening wakeup68/expire_count for wakeup68: Permission denied
05-18 20:37:40.698  1269  1275 E android.system.suspend-service: Error opening wakeup68/prevent_suspend_time_ms for wakeup68: Permission denied
05-18 20:37:40.698  1269  1275 E android.system.suspend-service: Error opening wakeup68/wakeup_count for wakeup68: Permission denied
05-18 20:37:40.712  2742  4537 E WifiStaIfaceAidlImpl: getCachedScanData failed with service-specific exception: android.os.ServiceSpecificException:  (code 4)
05-18 20:37:41.275 18923 18966 E FileStrategy: java.io.IOException: Read-only file system
05-18 20:37:41.351  2742  5225 E OplusNotificationCenter: getForegroundApplication exception
05-18 20:37:42.360  2742  3562 E OplusNotificationCenter: getForegroundApplication exception
05-18 20:37:43.367  2742  3562 E OplusNotificationCenter: getForegroundApplication exception
05-18 20:37:43.471  2742  4537 E WifiStaIfaceAidlImpl: getCachedScanData failed with service-specific exception: android.os.ServiceSpecificException:  (code 4)
05-18 20:37:44.376  2742  3562 E OplusNotificationCenter: getForegroundApplication exception
05-18 20:37:45.387  2742  5225 E OplusNotificationCenter: getForegroundApplication exception
05-18 20:37:46.394  2742  5225 E OplusNotificationCenter: getForegroundApplication exception
05-18 20:37:46.500  2742  4537 E WifiStaIfaceAidlImpl: getCachedScanData failed with service-specific exception: android.os.ServiceSpecificException:  (code 4)
05-18 20:37:47.403  2742  3562 E OplusNotificationCenter: getForegroundApplication exception
05-18 20:37:48.410  2742  3562 E OplusNotificationCenter: getForegroundApplication exception
05-18 20:37:49.418  2742  3562 E OplusNotificationCenter: getForegroundApplication exception
05-18 20:37:49.530  2742  4537 E WifiStaIfaceAidlImpl: getCachedScanData failed with service-specific exception: android.os.ServiceSpecificException:  (code 4)
05-18 20:37:50.427  2742  5225 E OplusNotificationCenter: getForegroundApplication exception
05-18 20:37:51.437  2742  5225 E OplusNotificationCenter: getForegroundApplication exception
05-18 20:37:51.564  2742  4687 E OplusArpPeer_euclid_psw: ARP read failure: android.system.ErrnoException: read failed: EAGAIN (Try again)
05-18 20:37:52.446  2742  3562 E OplusNotificationCenter: getForegroundApplication exception
05-18 20:37:52.548  2742  4537 E WifiStaIfaceAidlImpl: getCachedScanData failed with service-specific exception: android.os.ServiceSpecificException:  (code 4)
05-18 20:37:53.453  2742  3562 E OplusNotificationCenter: getForegroundApplication exception
05-18 20:37:54.459  2742  5225 E OplusNotificationCenter: getForegroundApplication exception
05-18 20:37:55.465  2742  5225 E OplusNotificationCenter: getForegroundApplication exception
05-18 20:37:55.579  2742  4537 E WifiStaIfaceAidlImpl: getCachedScanData failed with service-specific exception: android.os.ServiceSpecificException:  (code 4)
05-18 20:37:56.474  2742  3562 E OplusNotificationCenter: getForegroundApplication exception
05-18 20:37:57.481  2742  3562 E OplusNotificationCenter: getForegroundApplication exception
05-18 20:37:58.495  2742  5225 E OplusNotificationCenter: getForegroundApplication exception
05-18 20:37:58.610  2742  4537 E WifiStaIfaceAidlImpl: getCachedScanData failed with service-specific exception: android.os.ServiceSpecificException:  (code 4)
05-18 20:37:59.502  2742  5225 E OplusNotificationCenter: getForegroundApplication exception
05-18 20:37:59.702 14888 15138 E connection::usb::device: [usb_device]Failed to start tcp ip sync server, error: 01-002-102: proxy socket bind error -- Address already in use (os error 98)
05-18 20:37:59.702 14888 15138 E connection::usb::device: [usb_device]Failed to start tcp proxy server, error: 01-002-102: proxy socket bind error -- Address already in use (os error 98)
05-18 20:37:59.732  2110  2110 W android.hardware.power.stats-impl.oplus: PruneException: Unknown binder exception (2) pruned into EX_TRANSACTION_FAILED
05-18 20:37:59.747  2742  3599 W ActivityManager: pid 2742 system sent binder code 1013 with flags 0 to frozen apps and got error -2
05-18 20:37:59.748  2742  3599 D BatteryStatsImplExtImpl: PowerDetails: time=2026-05-18-20-37-59, top=com.chromalab.app.MainActivity, ref_counts=0, ref_mode=0, brightness=0, refs_per_sec=0.0, modem_txTimeMs=[0, 0, 0, 0, 0], traffic=[5510530246995,44922030368,87322426431717,699568499819], ctr_drain=[0,197,0,114], rpmstat=[ADSP:85,87,ADSP_ISLAND:76,20,APSS:20,02,CDSP:100,00,MPSS:99,34,VLOW:0,00,VMIN:0,00], sap=false, audio=[spk:0, headset:0]
05-18 20:38:00.008  2742  3654 D OplusDisplayBrightnessBroadcastReceiver: onReceive action = android.intent.action.TIME_TICK , listeners = [com.android.server.display.feature.ambience.events.event.TimeEvent$TimeChangeReceiver@6076e8e, com.android.server.display.color.eyeprotect.manager.AiCurveManager$RhythmBroadcastReceiverWithUpgradeUI@4ad86af]
05-18 20:38:00.510  2742  3562 E OplusNotificationCenter: getForegroundApplication exception
05-18 20:38:01.518  2742  3562 E OplusNotificationCenter: getForegroundApplication exception
05-18 20:38:01.641  2742  4537 E WifiStaIfaceAidlImpl: getCachedScanData failed with service-specific exception: android.os.ServiceSpecificException:  (code 4)
05-18 20:38:02.529  2742  3562 E OplusNotificationCenter: getForegroundApplication exception
05-18 20:38:03.538  2742  3562 E OplusNotificationCenter: getForegroundApplication exception
05-18 20:38:04.548  2742  3562 E OplusNotificationCenter: getForegroundApplication exception
05-18 20:38:04.672  2742  4537 E WifiStaIfaceAidlImpl: getCachedScanData failed with service-specific exception: android.os.ServiceSpecificException:  (code 4)
05-18 20:38:05.558  2742  3562 E OplusNotificationCenter: getForegroundApplication exception
05-18 20:38:06.566  2742  3562 E OplusNotificationCenter: getForegroundApplication exception
05-18 20:38:07.574  2742  3562 E OplusNotificationCenter: getForegroundApplication exception
05-18 20:38:07.686  2742  4537 E WifiStaIfaceAidlImpl: getCachedScanData failed with service-specific exception: android.os.ServiceSpecificException:  (code 4)
05-18 20:38:08.582  2742  3562 E OplusNotificationCenter: getForegroundApplication exception
05-18 20:38:09.013  2110  2110 W android.hardware.power.stats-impl.oplus: PruneException: Unknown binder exception (2) pruned into EX_TRANSACTION_FAILED
05-18 20:38:09.023  5468 17621 D SubsysRadioResponse: setSyncWithApResponse info.error = 0
05-18 20:38:09.028 15389 11042 I SG::SeedlingDiscover: uploadDecisionTrack, action: [pantanal.intent.weather.VIEW_LOCAL_WEATHER], result: {}, errorList: [{"action":"pantanal.intent.weather.VIEW_LOCAL_WEATHER","serviceID":"268435464","versionCode":1000002,"errorCode":3}, {"action":"pantanal.intent.weather.VIEW_LOCAL_WEATHER","serviceID":"536871060","versionCode":1000023,"errorCode":3}]
05-18 20:38:09.032  6828  8325 E ContextAware_ContextAwareBase.UTraceJsonSerializer: deserializer Exception=q
05-18 20:38:09.032  6828  8325 E ContextAware_ContextAwareBase.UTraceJsonSerializer: deserializer Exception=q
05-18 20:38:09.033  6828  8325 E ContextAware_ContextAwareBase.UTraceJsonSerializer: deserializer Exception=q
05-18 20:38:09.033  6828  8325 E ContextAware_ContextAwareBase.UTraceJsonSerializer: deserializer Exception=q
05-18 20:38:09.035 16081 17434 E ContextAware_ContextAwareBase.UTraceJsonSerializer: deserializer Exception=q
05-18 20:38:09.035 16081 17434 E ContextAware_ContextAwareBase.UTraceJsonSerializer: deserializer Exception=q
05-18 20:38:09.590  2742  3562 E OplusNotificationCenter: getForegroundApplication exception
05-18 20:38:10.107  2110  2110 W android.hardware.power.stats-impl.oplus: PruneException: Unknown binder exception (2) pruned into EX_TRANSACTION_FAILED
05-18 20:38:10.598  2742  3562 E OplusNotificationCenter: getForegroundApplication exception
05-18 20:38:10.712  2742  4537 E WifiStaIfaceAidlImpl: getCachedScanData failed with service-specific exception: android.os.ServiceSpecificException:  (code 4)
05-18 20:38:11.606  2742  3562 E OplusNotificationCenter: getForegroundApplication exception
05-18 20:38:12.614  2742  3562 E OplusNotificationCenter: getForegroundApplication exception
05-18 20:38:13.625  2742  4912 E OplusNotificationCenter: getForegroundApplication exception
05-18 20:38:13.742  2742  4537 E WifiStaIfaceAidlImpl: getCachedScanData failed with service-specific exception: android.os.ServiceSpecificException:  (code 4)
05-18 20:38:14.629  2742  3562 E OplusNotificationCenter: getForegroundApplication exception
05-18 20:38:15.638  2742  3562 E OplusNotificationCenter: getForegroundApplication exception
05-18 20:38:16.647  2742  4912 E OplusNotificationCenter: getForegroundApplication exception
05-18 20:38:16.772  2742  4537 E WifiStaIfaceAidlImpl: getCachedScanData failed with service-specific exception: android.os.ServiceSpecificException:  (code 4)
05-18 20:38:17.655  2742  4912 E OplusNotificationCenter: getForegroundApplication exception
05-18 20:38:18.663  2742  4912 E OplusNotificationCenter: getForegroundApplication exception
05-18 20:38:19.671  2742  4912 E OplusNotificationCenter: getForegroundApplication exception
05-18 20:38:19.805  2742  4537 E WifiStaIfaceAidlImpl: getCachedScanData failed with service-specific exception: android.os.ServiceSpecificException:  (code 4)
05-18 20:38:19.825  1866 13550 W         : write error (Broken pipe)
05-18 20:38:20.681  2742  3562 E OplusNotificationCenter: getForegroundApplication exception
05-18 20:38:20.880  3201  3201 E OplusTouchDaemon: [prevent][curved_large_handle_V2][3008]: id:0 pos:1 center_down:1 (11842 28748)(0 0 0 0)
05-18 20:38:21.686  2742  4912 E OplusNotificationCenter: getForegroundApplication exception
05-18 20:38:22.253  3201  3201 E OplusTouchDaemon: [prevent][curved_large_handle_V2][3082]: up id(0) status: 1, 1, 1, 0.
05-18 20:38:22.692  2742  4912 E OplusNotificationCenter: getForegroundApplication exception
05-18 20:38:22.839  2742  4537 E WifiStaIfaceAidlImpl: getCachedScanData failed with service-specific exception: android.os.ServiceSpecificException:  (code 4)
05-18 20:38:23.703  2742  3562 E OplusNotificationCenter: getForegroundApplication exception
05-18 20:38:24.709  2742  4912 E OplusNotificationCenter: getForegroundApplication exception
05-18 20:38:25.719  2742  3562 E OplusNotificationCenter: getForegroundApplication exception
05-18 20:38:25.871  2742  4537 E WifiStaIfaceAidlImpl: getCachedScanData failed with service-specific exception: android.os.ServiceSpecificException:  (code 4)
05-18 20:38:26.077  2110  2110 W android.hardware.power.stats-impl.oplus: PruneException: Unknown binder exception (2) pruned into EX_TRANSACTION_FAILED
05-18 20:38:26.726  2742  3562 E OplusNotificationCenter: getForegroundApplication exception
05-18 20:38:27.735  2742  4912 E OplusNotificationCenter: getForegroundApplication exception
05-18 20:38:28.744  2742  3562 E OplusNotificationCenter: getForegroundApplication exception
05-18 20:38:28.905  2742  4537 E WifiStaIfaceAidlImpl: getCachedScanData failed with service-specific exception: android.os.ServiceSpecificException:  (code 4)
05-18 20:38:29.755  2742  3562 E OplusNotificationCenter: getForegroundApplication exception
05-18 20:38:30.765  2742  3562 E OplusNotificationCenter: getForegroundApplication exception
05-18 20:38:31.775  2742  3562 E OplusNotificationCenter: getForegroundApplication exception
05-18 20:38:31.937  2742  4537 E WifiStaIfaceAidlImpl: getCachedScanData failed with service-specific exception: android.os.ServiceSpecificException:  (code 4)
05-18 20:38:32.782  2742  4912 E OplusNotificationCenter: getForegroundApplication exception
05-18 20:38:33.791  2742  3562 E OplusNotificationCenter: getForegroundApplication exception
05-18 20:38:34.800  2742  3562 E OplusNotificationCenter: getForegroundApplication exception
05-18 20:38:34.970  2742  4537 E WifiStaIfaceAidlImpl: getCachedScanData failed with service-specific exception: android.os.ServiceSpecificException:  (code 4)
05-18 20:38:35.806  2742  3562 E OplusNotificationCenter: getForegroundApplication exception
05-18 20:38:36.814  2742  3562 E OplusNotificationCenter: getForegroundApplication exception
05-18 20:38:37.822  2742  4912 E OplusNotificationCenter: getForegroundApplication exception
05-18 20:38:38.003  2742  4537 E WifiStaIfaceAidlImpl: getCachedScanData failed with service-specific exception: android.os.ServiceSpecificException:  (code 4)
05-18 20:38:38.829  2742  3562 E OplusNotificationCenter: getForegroundApplication exception
05-18 20:38:39.836  2742  3562 E OplusNotificationCenter: getForegroundApplication exception
05-18 20:38:40.845  2742  4912 E OplusNotificationCenter: getForegroundApplication exception
05-18 20:38:41.022  2742  4537 E WifiStaIfaceAidlImpl: getCachedScanData failed with service-specific exception: android.os.ServiceSpecificException:  (code 4)
05-18 20:38:41.853  2742  4912 E OplusNotificationCenter: getForegroundApplication exception
05-18 20:38:42.862  2742  4912 E OplusNotificationCenter: getForegroundApplication exception
05-18 20:38:43.871  2742  3562 E OplusNotificationCenter: getForegroundApplication exception
05-18 20:38:44.057  2742  4537 E WifiStaIfaceAidlImpl: getCachedScanData failed with service-specific exception: android.os.ServiceSpecificException:  (code 4)
05-18 20:38:44.875  2742  3562 E OplusNotificationCenter: getForegroundApplication exception
05-18 20:38:45.883  2742  4912 E OplusNotificationCenter: getForegroundApplication exception
05-18 20:38:46.893  2742  3562 E OplusNotificationCenter: getForegroundApplication exception
05-18 20:38:47.091  2742  4537 E WifiStaIfaceAidlImpl: getCachedScanData failed with service-specific exception: android.os.ServiceSpecificException:  (code 4)
05-18 20:38:47.901  2742  4912 E OplusNotificationCenter: getForegroundApplication exception
05-18 20:38:48.908  2742  4912 E OplusNotificationCenter: getForegroundApplication exception
05-18 20:38:49.917  2742  4912 E OplusNotificationCenter: getForegroundApplication exception
05-18 20:38:50.105  2742  4537 E WifiStaIfaceAidlImpl: getCachedScanData failed with service-specific exception: android.os.ServiceSpecificException:  (code 4)
05-18 20:38:50.925  2742  3562 E OplusNotificationCenter: getForegroundApplication exception
05-18 20:38:51.932  2742  4912 E OplusNotificationCenter: getForegroundApplication exception
05-18 20:38:52.588  2742  4687 E OplusArpPeer_euclid_psw: ARP read failure: android.system.ErrnoException: read failed: EAGAIN (Try again)
05-18 20:38:52.942  2742  3562 E OplusNotificationCenter: getForegroundApplication exception
05-18 20:38:53.139  2742  4537 E WifiStaIfaceAidlImpl: getCachedScanData failed with service-specific exception: android.os.ServiceSpecificException:  (code 4)
05-18 20:38:53.950  2742  3562 E OplusNotificationCenter: getForegroundApplication exception
05-18 20:38:54.955  2742  4912 E OplusNotificationCenter: getForegroundApplication exception
05-18 20:38:55.962  2742  3562 E OplusNotificationCenter: getForegroundApplication exception
05-18 20:38:56.171  2742  4537 E WifiStaIfaceAidlImpl: getCachedScanData failed with service-specific exception: android.os.ServiceSpecificException:  (code 4)
05-18 20:38:56.972  2742  4912 E OplusNotificationCenter: getForegroundApplication exception
05-18 20:38:57.992  2742  3562 E OplusNotificationCenter: getForegroundApplication exception
05-18 20:38:59.000  2742  4912 E OplusNotificationCenter: getForegroundApplication exception
05-18 20:38:59.203  2742  4537 E WifiStaIfaceAidlImpl: getCachedScanData failed with service-specific exception: android.os.ServiceSpecificException:  (code 4)
05-18 20:39:00.005  2742  3654 D OplusDisplayBrightnessBroadcastReceiver: onReceive action = android.intent.action.TIME_TICK , listeners = [com.android.server.display.feature.ambience.events.event.TimeEvent$TimeChangeReceiver@6076e8e, com.android.server.display.color.eyeprotect.manager.AiCurveManager$RhythmBroadcastReceiverWithUpgradeUI@4ad86af]
05-18 20:39:00.007  2742  3562 E OplusNotificationCenter: getForegroundApplication exception
05-18 20:39:01.015  2742  3562 E OplusNotificationCenter: getForegroundApplication exception
05-18 20:39:02.023  2742  4912 E OplusNotificationCenter: getForegroundApplication exception
05-18 20:39:02.230  2742  4537 E WifiStaIfaceAidlImpl: getCachedScanData failed with service-specific exception: android.os.ServiceSpecificException:  (code 4)
05-18 20:39:03.034  2742  4912 E OplusNotificationCenter: getForegroundApplication exception
05-18 20:39:04.040  2742  3562 E OplusNotificationCenter: getForegroundApplication exception
05-18 20:39:05.046  2742  3562 E OplusNotificationCenter: getForegroundApplication exception
05-18 20:39:05.260  2742  4537 E WifiStaIfaceAidlImpl: getCachedScanData failed with service-specific exception: android.os.ServiceSpecificException:  (code 4)
05-18 20:39:06.054  2742  3562 E OplusNotificationCenter: getForegroundApplication exception
05-18 20:39:07.062  2742  4912 E OplusNotificationCenter: getForegroundApplication exception
05-18 20:39:08.070  2742  4912 E OplusNotificationCenter: getForegroundApplication exception
05-18 20:39:08.291  2742  4537 E WifiStaIfaceAidlImpl: getCachedScanData failed with service-specific exception: android.os.ServiceSpecificException:  (code 4)
05-18 20:39:09.067  2742  4537 E WifiStaIfaceAidlImpl: getCachedScanData failed with service-specific exception: android.os.ServiceSpecificException:  (code 4)
05-18 20:39:09.077  2742  3562 E OplusNotificationCenter: getForegroundApplication exception
05-18 20:39:10.084  2742  4912 E OplusNotificationCenter: getForegroundApplication exception
05-18 20:39:11.093  2742  3562 E OplusNotificationCenter: getForegroundApplication exception
05-18 20:39:11.349  2742  4537 E WifiStaIfaceAidlImpl: getCachedScanData failed with service-specific exception: android.os.ServiceSpecificException:  (code 4)
05-18 20:39:12.102  2742  4912 E OplusNotificationCenter: getForegroundApplication exception
05-18 20:39:13.111  2742  4912 E OplusNotificationCenter: getForegroundApplication exception
05-18 20:39:14.132  2742  3562 E OplusNotificationCenter: getForegroundApplication exception
05-18 20:39:14.382  2742  4537 E WifiStaIfaceAidlImpl: getCachedScanData failed with service-specific exception: android.os.ServiceSpecificException:  (code 4)
05-18 20:39:15.137  2742  3562 E OplusNotificationCenter: getForegroundApplication exception
05-18 20:39:16.146  2742  3562 E OplusNotificationCenter: getForegroundApplication exception
